logic__471: 
logic__241: 
datapath__9: 
case__33: 
logic__155: 
logic__246: 
logic__502: 
case__52: 
logic__138: 
case__78: 
data_ram: 
logic__517: 
case__100: 
logic__133: 
logic__31: 
reg__3: 
logic__440: 
datapath__12: 
case__92: 
muxpart__12: 
logic__115: 
logic__139: 
logic__58: 
logic__1: 
logic__126: 
case__83: 
muxpart__26: 
case__14: 
logic__533: 
muxpart__36: 
logic__369: 
muxpart__38: 
datapath__23: 
case__2: 
logic__342: 
logic__7: 
case__66: 
logic__65: 
logic__495: 
logic__458: 
id: 
logic__498: 
case__58: 
reg__37: 
logic__167: 
muxpart: 
case__98: 
logic__41: 
case__44: 
logic__327: 
logic__318: 
reg__18: 
id_ex: 
muxpart__22: 
logic__569: 
logic__452: 
muxpart__10: 
logic__134: 
reg__38: 
case__49: 
logic__474: 
case__3: 
muxpart__40: 
datapath__6: 
openmips_min_sopc_tb: 
datapath__2: 
case__64: 
logic__421: 
counter: 
datapath__21: 
reg__13: 
logic__490: 
inst_rom: 
ctrl: 
reg__11: 
muxpart__37: 
logic__521: 
logic__526: 
case__4: 
logic__468: 
logic__285: 
logic__147: 
datapath__29: 
case__116: 
case__39: 
case__6: 
reg__26: 
logic__53: 
case__40: 
datapath__8: 
openmips_min_sopc: 
case__57: 
case__93: 
muxpart__18: 
logic__193: 
reg__17: 
muxpart__4: 
regfile: 
case__11: 
logic__272: 
datapath__7: 
datapath__20: 
datapath__16: 
case__95: 
case__71: 
logic__412: 
datapath__26: 
logic__154: 
logic__208: 
logic__572: 
case__69: 
muxpart__35: 
muxpart__41: 
logic__19: 
logic__337: 
case__9: 
logic__291: 
case__123: 
case__91: 
logic__363: 
case__36: 
case__90: 
case__15: 
logic__522: 
reg__7: 
muxpart__7: 
logic__98: 
datapath__25: 
logic__12: 
case__77: 
case__16: 
case__118: 
logic__227: 
dsp48e1__2: 
dsp48e1__3: 
case__54: 
muxpart__25: 
logic__214: 
case__85: 
case__67: 
logic__509: 
logic__507: 
case__17: 
reg__6: 
logic__162: 
logic__334: 
reg__23: 
case__28: 
dsp48e1__1: 
case__128: 
logic__402: 
datapath__14: 
logic__132: 
reg__27: 
reg__25: 
reg__22: 
logic__571: 
muxpart__44: 
logic__273: 
datapath__22: 
reg: 
muxpart__15: 
reg__24: 
logic__5: 
logic__101: 
case__29: 
case__63: 
muxpart__1: 
logic__119: 
case__124: 
logic__317: 
if_id: 
case__121: 
logic__172: 
muxpart__24: 
logic__484: 
logic__105: 
logic__137: 
case__25: 
reg__5: 
case__81: 
datapath__13: 
logic__261: 
reg__32: 
datapath__4: 
case__55: 
case__47: 
logic__303: 
datapath__1: 
logic__21: 
case__97: 
case__94: 
logic__161: 
muxpart__50: 
muxpart__21: 
logic__407: 
reg__9: 
logic__215: 
case__65: 
case__56: 
logic__34: 
case__53: 
reg__10: 
logic__116: 
logic__168: 
logic__217: 
muxpart__47: 
logic__186: 
logic__505: 
case__68: 
reg__30: 
case__86: 
logic__422: 
datapath: 
reg__21: 
logic__46: 
logic__461: 
muxpart__5: 
muxpart__32: 
logic__393: 
logic__262: 
logic__84: 
extram__3: 
logic__364: 
datapath__27: 
muxpart__45: 
logic: 
logic__213: 
case__50: 
case__73: 
case__51: 
case__7: 
datapath__18: 
logic__324: 
case__80: 
case__48: 
logic__565: 
logic__254: 
logic__77: 
logic__99: 
logic__284: 
logic__13: 
logic__356: 
logic__566: 
ex: 
case__12: 
logic__307: 
datapath__24: 
case__59: 
case__82: 
logic__269: 
logic__157: 
logic__173: 
case__79: 
muxpart__6: 
case__10: 
case__21: 
reg__12: 
logic__17: 
muxpart__2: 
logic__296: 
muxpart__17: 
reg__28: 
reg__20: 
muxpart__28: 
logic__70: 
case__38: 
dsp48e1: 
logic__362: 
logic__118: 
logic__532: 
case__23: 
reg__8: 
extram: 
logic__47: 
datapath__28: 
muxpart__31: 
logic__197: 
logic__398: 
muxpart__19: 
logic__446: 
logic__32: 
case__45: 
case__22: 
logic__61: 
pla: 
logic__73: 
logic__286: 
logic__2: 
logic__338: 
case__62: 
case__41: 
case__99: 
logic__263: 
logic__281: 
muxpart__30: 
div: 
logic__51: 
logic__108: 
case__46: 
case__76: 
logic__295: 
logic__257: 
logic__531: 
logic__232: 
hilo_reg: 
case__31: 
reg__33: 
ex_mem: 
logic__374: 
reg__15: 
logic__91: 
logic__313: 
datapath__3: 
reg__31: 
logic__36: 
logic__347: 
case__26: 
logic__567: 
logic__351: 
datapath__15: 
openmips: 
muxpart__29: 
logic__156: 
logic__525: 
muxpart__13: 
logic__439: 
case__18: 
logic__389: 
case__20: 
muxpart__34: 
logic__506: 
logic__150: 
logic__102: 
case__72: 
case__84: 
logic__287: 
case__13: 
logic__18: 
extram__1: 
case: 
case__87: 
logic__163: 
datapath__17: 
pc_reg: 
logic__420: 
logic__27: 
case__30: 
muxpart__11: 
case__43: 
logic__297: 
logic__187: 
logic__462: 
datapath__10: 
case__19: 
case__89: 
muxpart__43: 
muxpart__16: 
logic__379: 
logic__534: 
reg__29: 
logic__428: 
reg__14: 
logic__255: 
case__74: 
reg__1: 
muxpart__48: 
logic__436: 
case__34: 
logic__216: 
mem_wb: 
logic__265: 
logic__26: 
case__35: 
case__75: 
logic__94: 
extram__2: 
datapath__5: 
logic__508: 
reg__34: 
case__37: 
muxpart__42: 
muxpart__20: 
case__126: 
case__27: 
case__24: 
case__5: 
reg__2: 
reg__16: 
reg__4: 
logic__328: 
case__70: 
muxpart__8: 
case__1: 
case__122: 
logic__221: 
case__32: 
case__117: 
logic__480: 
mem: 
logic__194: 
logic__178: 
logic__274: 
datapath__19: 
muxpart__14: 
extram__4: 
logic__483: 
logic__222: 
logic__260: 
logic__33: 
logic__415: 
case__8: 
muxpart__33: 
logic__570: 
logic__384: 
case__125: 
case__42: 
reg__19: 
case__119: 
muxpart__52: 
datapath__11: 
logic__78: 
logic__190: 
case__60: 
logic__568: 
case__120: 
logic__518: 
muxpart__3: 
case__61: 
logic__278: 
case__127: 
logic__183: 
