#-----------------------------------------------------------
# Vivado v2019.2 (64-bit)
# SW Build 2708876 on Wed Nov  6 21:40:23 MST 2019
# IP Build 2700528 on Thu Nov  7 00:09:20 MST 2019
# Start of session at: Fri Dec 29 19:14:02 2023
# Process ID: 25516
# Current directory: G:/vi_project/keshe/HelinCPU/CH9-5_Final_CPU
# Command line: vivado.exe -gui_launcher_event rodinguilauncherevent17252 G:\vi_project\keshe\HelinCPU\CH9-5_Final_CPU\CH9-5_CPU.xpr
# Log file: G:/vi_project/keshe/HelinCPU/CH9-5_Final_CPU/vivado.log
# Journal file: G:/vi_project/keshe/HelinCPU/CH9-5_Final_CPU\vivado.jou
#-----------------------------------------------------------
start_gui
open_project G:/vi_project/keshe/HelinCPU/CH9-5_Final_CPU/CH9-5_CPU.xpr
update_compile_order -fileset sources_1
launch_simulation
open_wave_config G:/vi_project/keshe/HelinCPU/CH9-5_Final_CPU/openmips_min_sopc_tb_behav1.wcfg
source openmips_min_sopc_tb.tcl
run 1 us
restart
run 1 us
restart
close_sim
launch_simulation
open_wave_config G:/vi_project/keshe/HelinCPU/CH9-5_Final_CPU/openmips_min_sopc_tb_behav1.wcfg
source openmips_min_sopc_tb.tcl
close_sim
launch_simulation
open_wave_config G:/vi_project/keshe/HelinCPU/CH9-5_Final_CPU/openmips_min_sopc_tb_behav1.wcfg
source openmips_min_sopc_tb.tcl
